<html>
<body>
<pre>
<h1>µVision Build Log</h1>
<h2>Tool Versions:</h2>
IDE-Version: ¦ÌVision V5.22.0.0
Copyright (C) 2016 ARM Ltd and ARM Germany GmbH. All rights reserved.
License Information: liu na, xilang, LIC=9N0AR-KQRF7-ZE5H2-91N4H-WWZZ8-AU2F7
 
Tool Versions:
Toolchain:       MDK-ARM Professional  Version: 5.22
Toolchain Path:  C:\Keil_v5\ARM\ARMCC\Bin
C Compiler:      Armcc.exe V5.06 update 4 (build 422)
Assembler:       Armasm.exe V5.06 update 4 (build 422)
Linker/Locator:  ArmLink.exe V5.06 update 4 (build 422)
Library Manager: ArmAr.exe V5.06 update 4 (build 422)
Hex Converter:   FromElf.exe V5.06 update 4 (build 422)
CPU DLL:         SARMCM3.DLL V5.22
Dialog DLL:      DCM.DLL V1.13.9.0
Target DLL:      Segger\JL2CM3.dll V2.99.23.0
Dialog DLL:      TCM.DLL V1.21.0.0
 
<h2>Project:</h2>
D:\MEMS_STM32F429VGTx_V15_9255\MDK-ARM\MEMS_STM32F429VGTx_V15.uvprojx
Project File Date:  06/26/2018

<h2>Output:</h2>
*** Using Compiler 'V5.06 update 4 (build 422)', folder: 'C:\Keil_v5\ARM\ARMCC\Bin'
Build target 'MEMS_STM32F429VGTx_V15'
assembling startup_stm32f429xx.s...
compiling stm32f4xx_hal_msp.c...
compiling stm32f4xx_it.c...
compiling main.c...
../Src/main.c(112): warning:  #223-D: function "MPU9255_Init" declared implicitly
  	MPU9255_Init();
../Src/main.c: 1 warning, 0 errors
compiling i2c.c...
compiling tim.c...
compiling usart.c...
compiling gpio.c...
compiling device.c...
..\Src\device.c(17): warning:  #223-D: function "MPU9255_ReadImu" declared implicitly
  		MPU9255_ReadImu(&gyro[0],&accel[0],&temp);
..\Src\device.c(20): warning:  #223-D: function "MPU9255_Imu_datadeal" declared implicitly
  		MPU9255_Imu_datadeal(&gyro[0],&accel[0],&temp);
..\Src\device.c(11): warning:  #177-D: variable "magn"  was declared but never referenced
  	int16_t magn[3]={0};
..\Src\device.c(54): warning:  #1-D: last line of file ends without a newline
  }
..\Src\device.c: 4 warnings, 0 errors
compiling dvc_MPU9255.c...
compiling system_stm32f4xx.c...
compiling stm32f4xx_hal_flash.c...
compiling Global.c...
compiling stm32f4xx_hal_i2c_ex.c...
compiling stm32f4xx_hal_dma.c...
compiling stm32f4xx_hal_dma_ex.c...
compiling stm32f4xx_hal_tim_ex.c...
compiling stm32f4xx_hal_rcc_ex.c...
compiling stm32f4xx_hal_i2c.c...
compiling stm32f4xx_hal_pwr.c...
compiling stm32f4xx_hal_uart.c...
compiling stm32f4xx_hal_rcc.c...
compiling stm32f4xx_hal_cortex.c...
compiling stm32f4xx_hal.c...
compiling stm32f4xx_hal_tim.c...
compiling stm32f4xx_hal_flash_ramfunc.c...
compiling stm32f4xx_hal_pwr_ex.c...
compiling stm32f4xx_hal_gpio.c...
compiling stm32f4xx_hal_flash_ex.c...
linking...
Program Size: Code=15768 RO-data=484 RW-data=24 ZI-data=2552  
"MEMS_STM32F429VGTx_V15\MEMS_STM32F429VGTx_V15.axf" - 0 Error(s), 5 Warning(s).

<h2>Software Packages used:</h2>

Package Vendor: ARM
                http://www.keil.com/pack/ARM.CMSIS.5.0.0.pack
                ARM::CMSIS:CORE:5.0.0
                CMSIS (Cortex Microcontroller Software Interface Standard)
   * Component: CORE Version: 5.0.0

<h2>Collection of Component include folders:</h2>
  D:\MEMS_STM32F429VGTx_V15_9255\MDK-ARM\RTE\_MEMS_STM32F429VGTx_V15
  C:\Keil_v5\ARM\PACK\ARM\CMSIS\5.0.0\CMSIS\Include
  C:\Keil_v5\ARM\PACK\Keil\STM32F4xx_DFP\2.12.0\Drivers\CMSIS\Device\ST\STM32F4xx\Include

<h2>Collection of Component Files used:</h2>

   * Component: ARM::CMSIS:CORE:5.0.0
Build Time Elapsed:  00:00:50
</pre>
</body>
</html>
